// Jest Snapshot v1, https://goo.gl/fbAQLP

exports[`search â€“ query allows get without Authorization header 1`] = `
{
  "headers": {
    "accept": "*/*",
    "accept-encoding": "gzip,deflate",
    "connection": "close",
    "host": "search.api.globus.org",
    "user-agent": "node-fetch/1.0 (+https://github.com/bitinn/node-fetch)",
  },
  "method": "GET",
  "url": "https://search.api.globus.org/v1/index/524de2f6-d1a6-4b49-9286-d8dccb4196ae/search?q=hello%2Bworld",
}
`;
