// Jest Snapshot v1, https://jestjs.io/docs/snapshot-testing

exports[`membership - act 1`] = `
{
  "headers": {
    "accept": "*/*",
    "accept-encoding": "gzip,deflate",
    "connection": "close",
    "content-length": "189",
    "content-type": "application/json",
    "host": "groups.api.globus.org",
    "user-agent": "node-fetch/1.0 (+https://github.com/bitinn/node-fetch)",
  },
  "json": {
    "decline": [
      {
        "identity_id": "c237bf3e-ff0b-4d7f-9abc-5355040c49da",
      },
      {
        "identity_id": "3d9cbcd8-beed-4f37-85ab-75d725623da8",
      },
    ],
    "reject": [
      {
        "identity_id": "f13c9c26-223d-41cf-b6d7-971f3d3b5dfa",
      },
    ],
  },
  "method": "POST",
  "url": "https://groups.api.globus.org/v2/groups/6521a0c3-ffc9-4432-9cb6-41fa8fe2e4e9",
}
`;
