// Jest Snapshot v1, https://goo.gl/fbAQLP

exports[`task cancel 1`] = `
{
  "headers": {
    "accept": "*/*",
    "accept-encoding": "gzip,deflate",
    "connection": "close",
    "content-length": "0",
    "host": "transfer.api.globusonline.org",
    "user-agent": "node-fetch/1.0 (+https://github.com/bitinn/node-fetch)",
  },
  "json": undefined,
  "method": "POST",
  "url": "https://transfer.api.globusonline.org/v0.10/task/example-task-id/cancel",
}
`;

exports[`task get 1`] = `
{
  "headers": {
    "accept": "*/*",
    "accept-encoding": "gzip,deflate",
    "connection": "close",
    "host": "transfer.api.globusonline.org",
    "user-agent": "node-fetch/1.0 (+https://github.com/bitinn/node-fetch)",
  },
  "method": "GET",
  "url": "https://transfer.api.globusonline.org/v0.10/task/example-task-id",
}
`;

exports[`task getAll 1`] = `
{
  "headers": {
    "accept": "*/*",
    "accept-encoding": "gzip,deflate",
    "connection": "close",
    "host": "transfer.api.globusonline.org",
    "user-agent": "node-fetch/1.0 (+https://github.com/bitinn/node-fetch)",
  },
  "method": "GET",
  "url": "https://transfer.api.globusonline.org/v0.10/task_list",
}
`;

exports[`task getEventList 1`] = `
{
  "headers": {
    "accept": "*/*",
    "accept-encoding": "gzip,deflate",
    "connection": "close",
    "host": "transfer.api.globusonline.org",
    "user-agent": "node-fetch/1.0 (+https://github.com/bitinn/node-fetch)",
  },
  "json": undefined,
  "method": "GET",
  "url": "https://transfer.api.globusonline.org/v0.10/task/example-task-id/event_list?filters=iserror%3A1",
}
`;

exports[`task getPauseInfo 1`] = `
{
  "headers": {
    "accept": "*/*",
    "accept-encoding": "gzip,deflate",
    "connection": "close",
    "host": "transfer.api.globusonline.org",
    "user-agent": "node-fetch/1.0 (+https://github.com/bitinn/node-fetch)",
  },
  "json": undefined,
  "method": "GET",
  "url": "https://transfer.api.globusonline.org/v0.10/task/example-task-id/pause_info",
}
`;

exports[`task getSkippedErrors 1`] = `
{
  "headers": {
    "accept": "*/*",
    "accept-encoding": "gzip,deflate",
    "connection": "close",
    "host": "transfer.api.globusonline.org",
    "user-agent": "node-fetch/1.0 (+https://github.com/bitinn/node-fetch)",
  },
  "json": undefined,
  "method": "GET",
  "url": "https://transfer.api.globusonline.org/v0.10/task/example-task-id/skipped_errors?marker=10",
}
`;

exports[`task getSuccessfulTransfers 1`] = `
{
  "headers": {
    "accept": "*/*",
    "accept-encoding": "gzip,deflate",
    "connection": "close",
    "host": "transfer.api.globusonline.org",
    "user-agent": "node-fetch/1.0 (+https://github.com/bitinn/node-fetch)",
  },
  "json": undefined,
  "method": "GET",
  "url": "https://transfer.api.globusonline.org/v0.10/task/example-task-id/successful_transfers?marker=1",
}
`;

exports[`task remove 1`] = `
{
  "headers": {
    "accept": "*/*",
    "accept-encoding": "gzip,deflate",
    "connection": "close",
    "content-length": "0",
    "host": "transfer.api.globusonline.org",
    "user-agent": "node-fetch/1.0 (+https://github.com/bitinn/node-fetch)",
  },
  "json": undefined,
  "method": "POST",
  "url": "https://transfer.api.globusonline.org/v0.10/task/example-task-id/remove",
}
`;

exports[`task update 1`] = `
{
  "headers": {
    "accept": "*/*",
    "accept-encoding": "gzip,deflate",
    "connection": "close",
    "content-length": "24",
    "content-type": "application/json",
    "host": "transfer.api.globusonline.org",
    "user-agent": "node-fetch/1.0 (+https://github.com/bitinn/node-fetch)",
  },
  "json": {
    "label": "A new label.",
  },
  "method": "PUT",
  "url": "https://transfer.api.globusonline.org/v0.10/task/example-task-id",
}
`;
